[
  {
    "id": 123,
    "nome": "Nova População de restaurantes 1",
    "proprietario": "Id no keyclock 1"
  },
  {
    "id": 456,
    "nome": "Nova População de restaurantes 2",
    "proprietario": "Id no keyclock 2"
  }
]